// Jest Snapshot v1, https://goo.gl/fbAQLP

exports[`Competence component should render correctly with props 1`] = `
<article
  className="Competence"
>
  <span
    className="nameSkill"
  >
    Javascript
  </span>
  <mock-level
    level="4.5"
  />
</article>
`;

exports[`Competence component should render correctly without props 1`] = `null`;
